Archive member included to satisfy reference by file (symbol)

d:/st/stm32cubeide_1.1.0/stm32cubeide/plugins/com.st.stm32cube.ide.mcu.externaltools.gnu-tools-for-stm32.7-2018-q2-update.win32_1.4.0.202007081208/tools/bin/../lib/gcc/arm-none-eabi/7.3.1/../../../../arm-none-eabi/lib/thumb/v7e-m/fpv4-sp/hard\libc_nano.a(lib_a-errno.o)
                              Core/Src/syscalls.o (__errno)
d:/st/stm32cubeide_1.1.0/stm32cubeide/plugins/com.st.stm32cube.ide.mcu.externaltools.gnu-tools-for-stm32.7-2018-q2-update.win32_1.4.0.202007081208/tools/bin/../lib/gcc/arm-none-eabi/7.3.1/../../../../arm-none-eabi/lib/thumb/v7e-m/fpv4-sp/hard\libc_nano.a(lib_a-exit.o)
                              d:/st/stm32cubeide_1.1.0/stm32cubeide/plugins/com.st.stm32cube.ide.mcu.externaltools.gnu-tools-for-stm32.7-2018-q2-update.win32_1.4.0.202007081208/tools/bin/../lib/gcc/arm-none-eabi/7.3.1/../../../../arm-none-eabi/lib/thumb/v7e-m/fpv4-sp/hard/crt0.o (exit)
d:/st/stm32cubeide_1.1.0/stm32cubeide/plugins/com.st.stm32cube.ide.mcu.externaltools.gnu-tools-for-stm32.7-2018-q2-update.win32_1.4.0.202007081208/tools/bin/../lib/gcc/arm-none-eabi/7.3.1/../../../../arm-none-eabi/lib/thumb/v7e-m/fpv4-sp/hard\libc_nano.a(lib_a-impure.o)
                              d:/st/stm32cubeide_1.1.0/stm32cubeide/plugins/com.st.stm32cube.ide.mcu.externaltools.gnu-tools-for-stm32.7-2018-q2-update.win32_1.4.0.202007081208/tools/bin/../lib/gcc/arm-none-eabi/7.3.1/../../../../arm-none-eabi/lib/thumb/v7e-m/fpv4-sp/hard\libc_nano.a(lib_a-exit.o) (_global_impure_ptr)
d:/st/stm32cubeide_1.1.0/stm32cubeide/plugins/com.st.stm32cube.ide.mcu.externaltools.gnu-tools-for-stm32.7-2018-q2-update.win32_1.4.0.202007081208/tools/bin/../lib/gcc/arm-none-eabi/7.3.1/../../../../arm-none-eabi/lib/thumb/v7e-m/fpv4-sp/hard\libc_nano.a(lib_a-init.o)
                              d:/st/stm32cubeide_1.1.0/stm32cubeide/plugins/com.st.stm32cube.ide.mcu.externaltools.gnu-tools-for-stm32.7-2018-q2-update.win32_1.4.0.202007081208/tools/bin/../lib/gcc/arm-none-eabi/7.3.1/../../../../arm-none-eabi/lib/thumb/v7e-m/fpv4-sp/hard/crt0.o (__libc_init_array)
d:/st/stm32cubeide_1.1.0/stm32cubeide/plugins/com.st.stm32cube.ide.mcu.externaltools.gnu-tools-for-stm32.7-2018-q2-update.win32_1.4.0.202007081208/tools/bin/../lib/gcc/arm-none-eabi/7.3.1/../../../../arm-none-eabi/lib/thumb/v7e-m/fpv4-sp/hard\libc_nano.a(lib_a-memcpy-stub.o)
                              Middlewares/Third_Party/FreeRTOS/Source/queue.o (memcpy)
d:/st/stm32cubeide_1.1.0/stm32cubeide/plugins/com.st.stm32cube.ide.mcu.externaltools.gnu-tools-for-stm32.7-2018-q2-update.win32_1.4.0.202007081208/tools/bin/../lib/gcc/arm-none-eabi/7.3.1/../../../../arm-none-eabi/lib/thumb/v7e-m/fpv4-sp/hard\libc_nano.a(lib_a-memset.o)
                              d:/st/stm32cubeide_1.1.0/stm32cubeide/plugins/com.st.stm32cube.ide.mcu.externaltools.gnu-tools-for-stm32.7-2018-q2-update.win32_1.4.0.202007081208/tools/bin/../lib/gcc/arm-none-eabi/7.3.1/../../../../arm-none-eabi/lib/thumb/v7e-m/fpv4-sp/hard/crt0.o (memset)

Allocating common symbols
Common symbol       size              file

hdma_sdadc1         0x44              Core/Src/sdadc.o
defaultTaskHandle   0x4               Core/Src/freertos.o
hdma_sdadc3         0x44              Core/Src/sdadc.o
uwTick              0x4               Drivers/STM32F3xx_HAL_Driver/Src/stm32f3xx_hal.o
xQueueRegistry      0x40              Middlewares/Third_Party/FreeRTOS/Source/queue.o
pFlash              0x20              Drivers/STM32F3xx_HAL_Driver/Src/stm32f3xx_hal_flash.o
hsdadc1             0x44              Core/Src/sdadc.o
hsdadc3             0x44              Core/Src/sdadc.o

Discarded input sections

 .text          0x0000000000000000        0x0 d:/st/stm32cubeide_1.1.0/stm32cubeide/plugins/com.st.stm32cube.ide.mcu.externaltools.gnu-tools-for-stm32.7-2018-q2-update.win32_1.4.0.202007081208/tools/bin/../lib/gcc/arm-none-eabi/7.3.1/thumb/v7e-m/fpv4-sp/hard/crti.o
 .data          0x0000000000000000        0x0 d:/st/stm32cubeide_1.1.0/stm32cubeide/plugins/com.st.stm32cube.ide.mcu.externaltools.gnu-tools-for-stm32.7-2018-q2-update.win32_1.4.0.202007081208/tools/bin/../lib/gcc/arm-none-eabi/7.3.1/thumb/v7e-m/fpv4-sp/hard/crti.o
 .bss           0x0000000000000000        0x0 d:/st/stm32cubeide_1.1.0/stm32cubeide/plugins/com.st.stm32cube.ide.mcu.externaltools.gnu-tools-for-stm32.7-2018-q2-update.win32_1.4.0.202007081208/tools/bin/../lib/gcc/arm-none-eabi/7.3.1/thumb/v7e-m/fpv4-sp/hard/crti.o
 .data          0x0000000000000000        0x4 d:/st/stm32cubeide_1.1.0/stm32cubeide/plugins/com.st.stm32cube.ide.mcu.externaltools.gnu-tools-for-stm32.7-2018-q2-update.win32_1.4.0.202007081208/tools/bin/../lib/gcc/arm-none-eabi/7.3.1/thumb/v7e-m/fpv4-sp/hard/crtbegin.o
[...]
Memory Configuration

Name             Origin             Length             Attributes
RAM              0x0000000020000000 0x0000000000008000 xrw
FLASH            0x0000000008000000 0x0000000000040000 xr
*default*        0x0000000000000000 0xffffffffffffffff

Linker script and memory map

LOAD d:/st/stm32cubeide_1.1.0/stm32cubeide/plugins/com.st.stm32cube.ide.mcu.externaltools.gnu-tools-for-stm32.7-2018-q2-update.win32_1.4.0.202007081208/tools/bin/../lib/gcc/arm-none-eabi/7.3.1/thumb/v7e-m/fpv4-sp/hard/crti.o
LOAD d:/st/stm32cubeide_1.1.0/stm32cubeide/plugins/com.st.stm32cube.ide.mcu.externaltools.gnu-tools-for-stm32.7-2018-q2-update.win32_1.4.0.202007081208/tools/bin/../lib/gcc/arm-none-eabi/7.3.1/thumb/v7e-m/fpv4-sp/hard/crtbegin.o
LOAD d:/st/stm32cubeide_1.1.0/stm32cubeide/plugins/com.st.stm32cube.ide.mcu.externaltools.gnu-tools-for-stm32.7-2018-q2-update.win32_1.4.0.202007081208/tools/bin/../lib/gcc/arm-none-eabi/7.3.1/../../../../arm-none-eabi/lib/thumb/v7e-m/fpv4-sp/hard/crt0.o
LOAD Core/Src/dma.o
LOAD Core/Src/freertos.o
LOAD Core/Src/gpio.o
LOAD Core/Src/main.o
LOAD Core/Src/sdadc.o
LOAD Core/Src/stm32f3xx_hal_msp.o
LOAD Core/Src/stm32f3xx_it.o
LOAD Core/Src/syscalls.o
LOAD Core/Src/sysmem.o
LOAD Core/Src/system_stm32f3xx.o
LOAD Core/Startup/startup_stm32f373vctx.o
LOAD Drivers/STM32F3xx_HAL_Driver/Src/stm32f3xx_hal.o
LOAD Drivers/STM32F3xx_HAL_Driver/Src/stm32f3xx_hal_cortex.o
LOAD Drivers/STM32F3xx_HAL_Driver/Src/stm32f3xx_hal_dma.o
LOAD Drivers/STM32F3xx_HAL_Driver/Src/stm32f3xx_hal_exti.o
LOAD Drivers/STM32F3xx_HAL_Driver/Src/stm32f3xx_hal_flash.o
LOAD Drivers/STM32F3xx_HAL_Driver/Src/stm32f3xx_hal_flash_ex.o
LOAD Drivers/STM32F3xx_HAL_Driver/Src/stm32f3xx_hal_gpio.o
LOAD Drivers/STM32F3xx_HAL_Driver/Src/stm32f3xx_hal_i2c.o
LOAD Drivers/STM32F3xx_HAL_Driver/Src/stm32f3xx_hal_i2c_ex.o
LOAD Drivers/STM32F3xx_HAL_Driver/Src/stm32f3xx_hal_pwr.o
LOAD Drivers/STM32F3xx_HAL_Driver/Src/stm32f3xx_hal_pwr_ex.o
LOAD Drivers/STM32F3xx_HAL_Driver/Src/stm32f3xx_hal_rcc.o
LOAD Drivers/STM32F3xx_HAL_Driver/Src/stm32f3xx_hal_rcc_ex.o
LOAD Drivers/STM32F3xx_HAL_Driver/Src/stm32f3xx_hal_sdadc.o
LOAD Drivers/STM32F3xx_HAL_Driver/Src/stm32f3xx_hal_tim.o
LOAD Drivers/STM32F3xx_HAL_Driver/Src/stm32f3xx_hal_tim_ex.o
LOAD Middlewares/Third_Party/FreeRTOS/Source/CMSIS_RTOS/cmsis_os.o
LOAD Middlewares/Third_Party/FreeRTOS/Source/croutine.o
LOAD Middlewares/Third_Party/FreeRTOS/Source/event_groups.o
LOAD Middlewares/Third_Party/FreeRTOS/Source/list.o
LOAD Middlewares/Third_Party/FreeRTOS/Source/queue.o
LOAD Middlewares/Third_Party/FreeRTOS/Source/stream_buffer.o
LOAD Middlewares/Third_Party/FreeRTOS/Source/tasks.o
LOAD Middlewares/Third_Party/FreeRTOS/Source/timers.o
LOAD Middlewares/Third_Party/FreeRTOS/Source/portable/GCC/ARM_CM4F/port.o
LOAD Middlewares/Third_Party/FreeRTOS/Source/portable/MemMang/heap_4.o
START GROUP
LOAD d:/st/stm32cubeide_1.1.0/stm32cubeide/plugins/com.st.stm32cube.ide.mcu.externaltools.gnu-tools-for-stm32.7-2018-q2-update.win32_1.4.0.202007081208/tools/bin/../lib/gcc/arm-none-eabi/7.3.1/../../../../arm-none-eabi/lib/thumb/v7e-m/fpv4-sp/hard\libc_nano.a
LOAD d:/st/stm32cubeide_1.1.0/stm32cubeide/plugins/com.st.stm32cube.ide.mcu.externaltools.gnu-tools-for-stm32.7-2018-q2-update.win32_1.4.0.202007081208/tools/bin/../lib/gcc/arm-none-eabi/7.3.1/../../../../arm-none-eabi/lib/thumb/v7e-m/fpv4-sp/hard\libm.a
END GROUP
START GROUP
LOAD d:/st/stm32cubeide_1.1.0/stm32cubeide/plugins/com.st.stm32cube.ide.mcu.externaltools.gnu-tools-for-stm32.7-2018-q2-update.win32_1.4.0.202007081208/tools/bin/../lib/gcc/arm-none-eabi/7.3.1/thumb/v7e-m/fpv4-sp/hard\libgcc.a
LOAD d:/st/stm32cubeide_1.1.0/stm32cubeide/plugins/com.st.stm32cube.ide.mcu.externaltools.gnu-tools-for-stm32.7-2018-q2-update.win32_1.4.0.202007081208/tools/bin/../lib/gcc/arm-none-eabi/7.3.1/../../../../arm-none-eabi/lib/thumb/v7e-m/fpv4-sp/hard\libc_nano.a
END GROUP
START GROUP
LOAD d:/st/stm32cubeide_1.1.0/stm32cubeide/plugins/com.st.stm32cube.ide.mcu.externaltools.gnu-tools-for-stm32.7-2018-q2-update.win32_1.4.0.202007081208/tools/bin/../lib/gcc/arm-none-eabi/7.3.1/thumb/v7e-m/fpv4-sp/hard\libgcc.a
LOAD d:/st/stm32cubeide_1.1.0/stm32cubeide/plugins/com.st.stm32cube.ide.mcu.externaltools.gnu-tools-for-stm32.7-2018-q2-update.win32_1.4.0.202007081208/tools/bin/../lib/gcc/arm-none-eabi/7.3.1/../../../../arm-none-eabi/lib/thumb/v7e-m/fpv4-sp/hard\libc_nano.a
LOAD d:/st/stm32cubeide_1.1.0/stm32cubeide/plugins/com.st.stm32cube.ide.mcu.externaltools.gnu-tools-for-stm32.7-2018-q2-update.win32_1.4.0.202007081208/tools/bin/../lib/gcc/arm-none-eabi/7.3.1/../../../../arm-none-eabi/lib/thumb/v7e-m/fpv4-sp/hard\libnosys.a
END GROUP
START GROUP
LOAD d:/st/stm32cubeide_1.1.0/stm32cubeide/plugins/com.st.stm32cube.ide.mcu.externaltools.gnu-tools-for-stm32.7-2018-q2-update.win32_1.4.0.202007081208/tools/bin/../lib/gcc/arm-none-eabi/7.3.1/thumb/v7e-m/fpv4-sp/hard\libgcc.a
LOAD d:/st/stm32cubeide_1.1.0/stm32cubeide/plugins/com.st.stm32cube.ide.mcu.externaltools.gnu-tools-for-stm32.7-2018-q2-update.win32_1.4.0.202007081208/tools/bin/../lib/gcc/arm-none-eabi/7.3.1/../../../../arm-none-eabi/lib/thumb/v7e-m/fpv4-sp/hard\libc_nano.a
LOAD d:/st/stm32cubeide_1.1.0/stm32cubeide/plugins/com.st.stm32cube.ide.mcu.externaltools.gnu-tools-for-stm32.7-2018-q2-update.win32_1.4.0.202007081208/tools/bin/../lib/gcc/arm-none-eabi/7.3.1/../../../../arm-none-eabi/lib/thumb/v7e-m/fpv4-sp/hard\libnosys.a
END GROUP
LOAD d:/st/stm32cubeide_1.1.0/stm32cubeide/plugins/com.st.stm32cube.ide.mcu.externaltools.gnu-tools-for-stm32.7-2018-q2-update.win32_1.4.0.202007081208/tools/bin/../lib/gcc/arm-none-eabi/7.3.1/thumb/v7e-m/fpv4-sp/hard/crtend.o
LOAD d:/st/stm32cubeide_1.1.0/stm32cubeide/plugins/com.st.stm32cube.ide.mcu.externaltools.gnu-tools-for-stm32.7-2018-q2-update.win32_1.4.0.202007081208/tools/bin/../lib/gcc/arm-none-eabi/7.3.1/thumb/v7e-m/fpv4-sp/hard/crtn.o
                0x0000000020008000                _estack = (ORIGIN (RAM) + LENGTH (RAM))
                0x0000000000000200                _Min_Heap_Size = 0x200
                0x0000000000000400                _Min_Stack_Size = 0x400

.isr_vector     0x0000000008000000      0x188
                0x0000000008000000                . = ALIGN (0x4)
 *(.isr_vector)
 .isr_vector    0x0000000008000000      0x188 Core/Startup/startup_stm32f373vctx.o
                0x0000000008000000                g_pfnVectors
                0x0000000008000188                . = ALIGN (0x4)

.text           0x0000000008000190     0x4420
                0x0000000008000190                . = ALIGN (0x4)
 *(.text)
 .text          0x0000000008000190       0x40 d:/st/stm32cubeide_1.1.0/stm32cubeide/plugins/com.st.stm32cube.ide.mcu.externaltools.gnu-tools-for-stm32.7-2018-q2-update.win32_1.4.0.202007081208/tools/bin/../lib/gcc/arm-none-eabi/7.3.1/thumb/v7e-m/fpv4-sp/hard/crtbegin.o
 *(.text*)
 .text.MX_DMA_Init
                0x00000000080001d0       0x4c Core/Src/dma.o
                0x00000000080001d0                MX_DMA_Init
 .text.vApplicationGetIdleTaskMemory
                0x000000000800021c       0x34 Core/Src/freertos.o
                0x000000000800021c                vApplicationGetIdleTaskMemory
 .text.MX_FREERTOS_Init
                0x0000000008000250       0x38 Core/Src/freertos.o
                0x0000000008000250                MX_FREERTOS_Init
 .text.StartDefaultTask
                0x0000000008000288       0x80 Core/Src/freertos.o
                0x0000000008000288                StartDefaultTask
 .text.MX_GPIO_Init
                0x0000000008000308       0x78 Core/Src/gpio.o
                0x0000000008000308                MX_GPIO_Init
 .text.main     0x0000000008000380       0x26 Core/Src/main.o
                0x0000000008000380                main
 .text.SystemClock_Config
                0x00000000080003a6       0xc0 Core/Src/main.o
                0x00000000080003a6                SystemClock_Config
 .text.Error_Handler
                0x0000000008000466        0xe Core/Src/main.o
                0x0000000008000466                Error_Handler
 .text.MX_SDADC1_Init
                0x0000000008000474      0x12c Core/Src/sdadc.o
                0x0000000008000474                MX_SDADC1_Init
 .text.MX_SDADC3_Init
                0x00000000080005a0      0x12c Core/Src/sdadc.o
                0x00000000080005a0                MX_SDADC3_Init
 .text.HAL_SDADC_MspInit
                0x00000000080006cc      0x1f8 Core/Src/sdadc.o
                0x00000000080006cc                HAL_SDADC_MspInit
 .text.HAL_MspInit
                0x00000000080008c4       0x48 Core/Src/stm32f3xx_hal_msp.o
                0x00000000080008c4                HAL_MspInit
 .text.NMI_Handler
                0x000000000800090c        0xe Core/Src/stm32f3xx_it.o
                0x000000000800090c                NMI_Handler
 .text.HardFault_Handler
                0x000000000800091a        0x6 Core/Src/stm32f3xx_it.o
                0x000000000800091a                HardFault_Handler
 .text.MemManage_Handler
                0x0000000008000920        0x6 Core/Src/stm32f3xx_it.o
                0x0000000008000920                MemManage_Handler
 .text.BusFault_Handler
                0x0000000008000926        0x6 Core/Src/stm32f3xx_it.o
                0x0000000008000926                BusFault_Handler
 .text.UsageFault_Handler
                0x000000000800092c        0x6 Core/Src/stm32f3xx_it.o
                0x000000000800092c                UsageFault_Handler
 .text.DebugMon_Handler
                0x0000000008000932        0xe Core/Src/stm32f3xx_it.o
                0x0000000008000932                DebugMon_Handler
 .text.SysTick_Handler
                0x0000000008000940       0x1a Core/Src/stm32f3xx_it.o
                0x0000000008000940                SysTick_Handler
 *fill*         0x000000000800095a        0x2 
 .text.DMA2_Channel3_IRQHandler
                0x000000000800095c       0x1c Core/Src/stm32f3xx_it.o
                0x000000000800095c                DMA2_Channel3_IRQHandler
 .text.DMA2_Channel5_IRQHandler
                0x0000000008000978       0x1c Core/Src/stm32f3xx_it.o
                0x0000000008000978                DMA2_Channel5_IRQHandler
 .text.SystemInit
                0x0000000008000994       0x2c Core/Src/system_stm32f3xx.o
                0x0000000008000994                SystemInit
 .text.Reset_Handler
                0x00000000080009c0       0x50 Core/Startup/startup_stm32f373vctx.o
                0x00000000080009c0                Reset_Handler
 .text.Default_Handler
                0x0000000008000a10        0x2 Core/Startup/startup_stm32f373vctx.o
                0x0000000008000a10                RTC_Alarm_IRQHandler
                0x0000000008000a10                USB_HP_IRQHandler
                0x0000000008000a10                PVD_IRQHandler
                0x0000000008000a10                TAMP_STAMP_IRQHandler
                0x0000000008000a10                EXTI3_IRQHandler
                0x0000000008000a10                EXTI0_IRQHandler
                0x0000000008000a10                I2C2_EV_IRQHandler
                0x0000000008000a10                FPU_IRQHandler
                0x0000000008000a10                CAN_TX_IRQHandler
                0x0000000008000a10                SPI1_IRQHandler
                0x0000000008000a10                CAN_SCE_IRQHandler
                0x0000000008000a10                DMA2_Channel2_IRQHandler
                0x0000000008000a10                DMA1_Channel4_IRQHandler
                0x0000000008000a10                ADC1_IRQHandler
                0x0000000008000a10                TIM17_IRQHandler
                0x0000000008000a10                USART3_IRQHandler
                0x0000000008000a10                DMA1_Channel7_IRQHandler
                0x0000000008000a10                TIM4_IRQHandler
                0x0000000008000a10                CAN_RX1_IRQHandler
                0x0000000008000a10                DMA2_Channel1_IRQHandler
                0x0000000008000a10                I2C1_EV_IRQHandler
                0x0000000008000a10                DMA1_Channel6_IRQHandler
                0x0000000008000a10                TIM16_IRQHandler
                0x0000000008000a10                DMA2_Channel4_IRQHandler
                0x0000000008000a10                TIM3_IRQHandler
                0x0000000008000a10                RCC_IRQHandler
                0x0000000008000a10                DMA1_Channel1_IRQHandler
                0x0000000008000a10                Default_Handler
                0x0000000008000a10                CEC_IRQHandler
                0x0000000008000a10                EXTI15_10_IRQHandler
                0x0000000008000a10                TIM14_IRQHandler
                0x0000000008000a10                TIM13_IRQHandler
                0x0000000008000a10                TIM12_IRQHandler
                0x0000000008000a10                TIM7_IRQHandler
                0x0000000008000a10                TIM5_IRQHandler
                0x0000000008000a10                SDADC2_IRQHandler
                0x0000000008000a10                TIM15_IRQHandler
                0x0000000008000a10                TIM6_DAC1_IRQHandler
                0x0000000008000a10                EXTI9_5_IRQHandler
                0x0000000008000a10                RTC_WKUP_IRQHandler
                0x0000000008000a10                SPI2_IRQHandler
                0x0000000008000a10                DMA1_Channel5_IRQHandler
                0x0000000008000a10                USB_LP_IRQHandler
                0x0000000008000a10                EXTI4_IRQHandler
                0x0000000008000a10                COMP1_2_IRQHandler
                0x0000000008000a10                TIM18_DAC2_IRQHandler
                0x0000000008000a10                DMA1_Channel3_IRQHandler
                0x0000000008000a10                WWDG_IRQHandler
                0x0000000008000a10                SDADC1_IRQHandler
                0x0000000008000a10                TIM2_IRQHandler
                0x0000000008000a10                EXTI1_IRQHandler
                0x0000000008000a10                SDADC3_IRQHandler
                0x0000000008000a10                USART2_IRQHandler
                0x0000000008000a10                TIM19_IRQHandler
                0x0000000008000a10                I2C2_ER_IRQHandler
                0x0000000008000a10                DMA1_Channel2_IRQHandler
                0x0000000008000a10                FLASH_IRQHandler
                0x0000000008000a10                USART1_IRQHandler
                0x0000000008000a10                SPI3_IRQHandler
                0x0000000008000a10                CAN_RX0_IRQHandler
                0x0000000008000a10                I2C1_ER_IRQHandler
                0x0000000008000a10                USBWakeUp_IRQHandler
                0x0000000008000a10                EXTI2_TSC_IRQHandler
 *fill*         0x0000000008000a12        0x2 
 .text.HAL_Init
                0x0000000008000a14       0x2c Drivers/STM32F3xx_HAL_Driver/Src/stm32f3xx_hal.o
                0x0000000008000a14                HAL_Init
 .text.HAL_InitTick
                0x0000000008000a40       0x60 Drivers/STM32F3xx_HAL_Driver/Src/stm32f3xx_hal.o
                0x0000000008000a40                HAL_InitTick
 .text.HAL_IncTick
                0x0000000008000aa0       0x28 Drivers/STM32F3xx_HAL_Driver/Src/stm32f3xx_hal.o
                0x0000000008000aa0                HAL_IncTick
 .text.HAL_GetTick
                0x0000000008000ac8       0x18 Drivers/STM32F3xx_HAL_Driver/Src/stm32f3xx_hal.o
                0x0000000008000ac8                HAL_GetTick
 .text.HAL_Delay
                0x0000000008000ae0       0x44 Drivers/STM32F3xx_HAL_Driver/Src/stm32f3xx_hal.o
                0x0000000008000ae0                HAL_Delay
 .text.__NVIC_SetPriorityGrouping
                0x0000000008000b24       0x48 Drivers/STM32F3xx_HAL_Driver/Src/stm32f3xx_hal_cortex.o
 .text.__NVIC_GetPriorityGrouping
                0x0000000008000b6c       0x1c Drivers/STM32F3xx_HAL_Driver/Src/stm32f3xx_hal_cortex.o
 .text.__NVIC_EnableIRQ
                0x0000000008000b88       0x3c Drivers/STM32F3xx_HAL_Driver/Src/stm32f3xx_hal_cortex.o
 .text.__NVIC_SetPriority
                0x0000000008000bc4       0x54 Drivers/STM32F3xx_HAL_Driver/Src/stm32f3xx_hal_cortex.o
 .text.NVIC_EncodePriority
                0x0000000008000c18       0x66 Drivers/STM32F3xx_HAL_Driver/Src/stm32f3xx_hal_cortex.o
 *fill*         0x0000000008000c7e        0x2 
 .text.SysTick_Config
                0x0000000008000c80       0x44 Drivers/STM32F3xx_HAL_Driver/Src/stm32f3xx_hal_cortex.o
 .text.HAL_NVIC_SetPriorityGrouping
                0x0000000008000cc4       0x16 Drivers/STM32F3xx_HAL_Driver/Src/stm32f3xx_hal_cortex.o
                0x0000000008000cc4                HAL_NVIC_SetPriorityGrouping
 .text.HAL_NVIC_SetPriority
                0x0000000008000cda       0x38 Drivers/STM32F3xx_HAL_Driver/Src/stm32f3xx_hal_cortex.o
                0x0000000008000cda                HAL_NVIC_SetPriority
 .text.HAL_NVIC_EnableIRQ
                0x0000000008000d12       0x1c Drivers/STM32F3xx_HAL_Driver/Src/stm32f3xx_hal_cortex.o
                0x0000000008000d12                HAL_NVIC_EnableIRQ
 .text.HAL_SYSTICK_Config
                0x0000000008000d2e       0x18 Drivers/STM32F3xx_HAL_Driver/Src/stm32f3xx_hal_cortex.o
                0x0000000008000d2e                HAL_SYSTICK_Config
 .text.HAL_DMA_Init
                0x0000000008000d46       0x8e Drivers/STM32F3xx_HAL_Driver/Src/stm32f3xx_hal_dma.o
                0x0000000008000d46                HAL_DMA_Init
 .text.HAL_DMA_Start_IT
                0x0000000008000dd4       0xbe Drivers/STM32F3xx_HAL_Driver/Src/stm32f3xx_hal_dma.o
                0x0000000008000dd4                HAL_DMA_Start_IT
 .text.HAL_DMA_Abort
                0x0000000008000e92       0x72 Drivers/STM32F3xx_HAL_Driver/Src/stm32f3xx_hal_dma.o
                0x0000000008000e92                HAL_DMA_Abort
 .text.HAL_DMA_IRQHandler
                0x0000000008000f04      0x146 Drivers/STM32F3xx_HAL_Driver/Src/stm32f3xx_hal_dma.o
                0x0000000008000f04                HAL_DMA_IRQHandler
 .text.DMA_SetConfig
                0x000000000800104a       0x5c Drivers/STM32F3xx_HAL_Driver/Src/stm32f3xx_hal_dma.o
 *fill*         0x00000000080010a6        0x2 
 .text.DMA_CalcBaseAndBitshift
                0x00000000080010a8       0x78 Drivers/STM32F3xx_HAL_Driver/Src/stm32f3xx_hal_dma.o
 .text.HAL_GPIO_Init
                0x0000000008001120      0x2f4 Drivers/STM32F3xx_HAL_Driver/Src/stm32f3xx_hal_gpio.o
                0x0000000008001120                HAL_GPIO_Init
 .text.HAL_PWREx_EnableSDADC
                0x0000000008001414       0x40 Drivers/STM32F3xx_HAL_Driver/Src/stm32f3xx_hal_pwr_ex.o
                0x0000000008001414                HAL_PWREx_EnableSDADC
 .text.HAL_RCC_OscConfig
                0x0000000008001454      0xe10 Drivers/STM32F3xx_HAL_Driver/Src/stm32f3xx_hal_rcc.o
                0x0000000008001454                HAL_RCC_OscConfig
 .text.HAL_RCC_ClockConfig
                0x0000000008002264      0x2f8 Drivers/STM32F3xx_HAL_Driver/Src/stm32f3xx_hal_rcc.o
                0x0000000008002264                HAL_RCC_ClockConfig
 .text.HAL_RCC_GetSysClockFreq
                0x000000000800255c       0xd4 Drivers/STM32F3xx_HAL_Driver/Src/stm32f3xx_hal_rcc.o
                0x000000000800255c                HAL_RCC_GetSysClockFreq
 .text.HAL_RCCEx_PeriphCLKConfig
                0x0000000008002630      0x2e8 Drivers/STM32F3xx_HAL_Driver/Src/stm32f3xx_hal_rcc_ex.o
                0x0000000008002630                HAL_RCCEx_PeriphCLKConfig
 .text.HAL_SDADC_Init
                0x0000000008002918      0x108 Drivers/STM32F3xx_HAL_Driver/Src/stm32f3xx_hal_sdadc.o
                0x0000000008002918                HAL_SDADC_Init
 .text.HAL_SDADC_PrepareChannelConfig
                0x0000000008002a20       0x76 Drivers/STM32F3xx_HAL_Driver/Src/stm32f3xx_hal_sdadc.o
                0x0000000008002a20                HAL_SDADC_PrepareChannelConfig
 *fill*         0x0000000008002a96        0x2 
 .text.HAL_SDADC_AssociateChannelConfig
                0x0000000008002a98       0xa0 Drivers/STM32F3xx_HAL_Driver/Src/stm32f3xx_hal_sdadc.o
                0x0000000008002a98                HAL_SDADC_AssociateChannelConfig
 .text.HAL_SDADC_InjectedConfigChannel
                0x0000000008002b38       0x78 Drivers/STM32F3xx_HAL_Driver/Src/stm32f3xx_hal_sdadc.o
                0x0000000008002b38                HAL_SDADC_InjectedConfigChannel
 .text.HAL_SDADC_SelectInjectedTrigger
                0x0000000008002bb0       0x60 Drivers/STM32F3xx_HAL_Driver/Src/stm32f3xx_hal_sdadc.o
                0x0000000008002bb0                HAL_SDADC_SelectInjectedTrigger
 .text.HAL_SDADC_SelectInjectedDelay
                0x0000000008002c10       0x68 Drivers/STM32F3xx_HAL_Driver/Src/stm32f3xx_hal_sdadc.o
                0x0000000008002c10                HAL_SDADC_SelectInjectedDelay
 .text.HAL_SDADC_InjectedStart_DMA
                0x0000000008002c78      0x100 Drivers/STM32F3xx_HAL_Driver/Src/stm32f3xx_hal_sdadc.o
                0x0000000008002c78                HAL_SDADC_InjectedStart_DMA
 .text.HAL_SDADC_InjectedStop_DMA
                0x0000000008002d78       0x64 Drivers/STM32F3xx_HAL_Driver/Src/stm32f3xx_hal_sdadc.o
                0x0000000008002d78                HAL_SDADC_InjectedStop_DMA
 .text.HAL_SDADC_InjectedConvHalfCpltCallback
                0x0000000008002ddc       0x14 Drivers/STM32F3xx_HAL_Driver/Src/stm32f3xx_hal_sdadc.o
                0x0000000008002ddc                HAL_SDADC_InjectedConvHalfCpltCallback
 .text.HAL_SDADC_InjectedConvCpltCallback
                0x0000000008002df0       0x14 Drivers/STM32F3xx_HAL_Driver/Src/stm32f3xx_hal_sdadc.o
                0x0000000008002df0                HAL_SDADC_InjectedConvCpltCallback
 .text.HAL_SDADC_ErrorCallback
                0x0000000008002e04       0x14 Drivers/STM32F3xx_HAL_Driver/Src/stm32f3xx_hal_sdadc.o
                0x0000000008002e04                HAL_SDADC_ErrorCallback
 .text.SDADC_DMAInjectedHalfConvCplt
                0x0000000008002e18       0x1c Drivers/STM32F3xx_HAL_Driver/Src/stm32f3xx_hal_sdadc.o
 .text.SDADC_DMAInjectedConvCplt
                0x0000000008002e34       0x1c Drivers/STM32F3xx_HAL_Driver/Src/stm32f3xx_hal_sdadc.o
 .text.SDADC_DMAError
                0x0000000008002e50       0x22 Drivers/STM32F3xx_HAL_Driver/Src/stm32f3xx_hal_sdadc.o
 .text.SDADC_EnterInitMode
                0x0000000008002e72       0x46 Drivers/STM32F3xx_HAL_Driver/Src/stm32f3xx_hal_sdadc.o
 .text.SDADC_ExitInitMode
                0x0000000008002eb8       0x24 Drivers/STM32F3xx_HAL_Driver/Src/stm32f3xx_hal_sdadc.o
 .text.SDADC_GetInjChannelsNbr
                0x0000000008002edc       0x48 Drivers/STM32F3xx_HAL_Driver/Src/stm32f3xx_hal_sdadc.o
 .text.SDADC_InjConvStart
                0x0000000008002f24       0xa0 Drivers/STM32F3xx_HAL_Driver/Src/stm32f3xx_hal_sdadc.o
 .text.SDADC_InjConvStop
                0x0000000008002fc4       0xfc Drivers/STM32F3xx_HAL_Driver/Src/stm32f3xx_hal_sdadc.o
 .text.makeFreeRtosPriority
                0x00000000080030c0       0x30 Middlewares/Third_Party/FreeRTOS/Source/CMSIS_RTOS/cmsis_os.o
 .text.osKernelStart
                0x00000000080030f0        0xe Middlewares/Third_Party/FreeRTOS/Source/CMSIS_RTOS/cmsis_os.o
                0x00000000080030f0                osKernelStart
 .text.osThreadCreate
                0x00000000080030fe       0x98 Middlewares/Third_Party/FreeRTOS/Source/CMSIS_RTOS/cmsis_os.o
                0x00000000080030fe                osThreadCreate
 .text.osDelay  0x0000000008003196       0x28 Middlewares/Third_Party/FreeRTOS/Source/CMSIS_RTOS/cmsis_os.o
                0x0000000008003196                osDelay
 .text.vListInitialise
                0x00000000080031be       0x40 Middlewares/Third_Party/FreeRTOS/Source/list.o
                0x00000000080031be                vListInitialise
 .text.vListInitialiseItem
                0x00000000080031fe       0x1a Middlewares/Third_Party/FreeRTOS/Source/list.o
                0x00000000080031fe                vListInitialiseItem
 .text.vListInsertEnd
                0x0000000008003218       0x48 Middlewares/Third_Party/FreeRTOS/Source/list.o
                0x0000000008003218                vListInsertEnd
 .text.vListInsert
                0x0000000008003260       0x72 Middlewares/Third_Party/FreeRTOS/Source/list.o
                0x0000000008003260                vListInsert
 .text.uxListRemove
                0x00000000080032d2       0x54 Middlewares/Third_Party/FreeRTOS/Source/list.o
                0x00000000080032d2                uxListRemove
 .text.xTaskCreateStatic
                0x0000000008003326       0xb2 Middlewares/Third_Party/FreeRTOS/Source/tasks.o
                0x0000000008003326                xTaskCreateStatic
 .text.xTaskCreate
                0x00000000080033d8       0x8a Middlewares/Third_Party/FreeRTOS/Source/tasks.o
                0x00000000080033d8                xTaskCreate
 .text.prvInitialiseNewTask
                0x0000000008003462       0xfc Middlewares/Third_Party/FreeRTOS/Source/tasks.o
 *fill*         0x000000000800355e        0x2 
 .text.prvAddNewTaskToReadyList
                0x0000000008003560       0xd4 Middlewares/Third_Party/FreeRTOS/Source/tasks.o
 .text.vTaskDelay
                0x0000000008003634       0x68 Middlewares/Third_Party/FreeRTOS/Source/tasks.o
                0x0000000008003634                vTaskDelay
 .text.vTaskStartScheduler
                0x000000000800369c       0xbc Middlewares/Third_Party/FreeRTOS/Source/tasks.o
                0x000000000800369c                vTaskStartScheduler
 .text.vTaskSuspendAll
                0x0000000008003758       0x1c Middlewares/Third_Party/FreeRTOS/Source/tasks.o
                0x0000000008003758                vTaskSuspendAll
 .text.xTaskResumeAll
                0x0000000008003774      0x138 Middlewares/Third_Party/FreeRTOS/Source/tasks.o
                0x0000000008003774                xTaskResumeAll
 .text.xTaskIncrementTick
                0x00000000080038ac      0x178 Middlewares/Third_Party/FreeRTOS/Source/tasks.o
                0x00000000080038ac                xTaskIncrementTick
 .text.vTaskSwitchContext
                0x0000000008003a24       0xb4 Middlewares/Third_Party/FreeRTOS/Source/tasks.o
                0x0000000008003a24                vTaskSwitchContext
 .text.prvIdleTask
                0x0000000008003ad8       0x30 Middlewares/Third_Party/FreeRTOS/Source/tasks.o
 .text.prvInitialiseTaskLists
                0x0000000008003b08       0x80 Middlewares/Third_Party/FreeRTOS/Source/tasks.o
 .text.prvCheckTasksWaitingTermination
                0x0000000008003b88       0x58 Middlewares/Third_Party/FreeRTOS/Source/tasks.o
 .text.prvDeleteTCB
                0x0000000008003be0       0x5c Middlewares/Third_Party/FreeRTOS/Source/tasks.o
 .text.prvResetNextTaskUnblockTime
                0x0000000008003c3c       0x4c Middlewares/Third_Party/FreeRTOS/Source/tasks.o
 .text.xTaskGetSchedulerState
                0x0000000008003c88       0x3c Middlewares/Third_Party/FreeRTOS/Source/tasks.o
                0x0000000008003c88                xTaskGetSchedulerState
 .text.prvAddCurrentTaskToDelayedList
                0x0000000008003cc4       0xcc Middlewares/Third_Party/FreeRTOS/Source/tasks.o
 .text.pxPortInitialiseStack
                0x0000000008003d90       0x68 Middlewares/Third_Party/FreeRTOS/Source/portable/GCC/ARM_CM4F/port.o
                0x0000000008003d90                pxPortInitialiseStack
 .text.prvTaskExitError
                0x0000000008003df8       0x54 Middlewares/Third_Party/FreeRTOS/Source/portable/GCC/ARM_CM4F/port.o
 *fill*         0x0000000008003e4c        0x4 
 .text.SVC_Handler
                0x0000000008003e50       0x28 Middlewares/Third_Party/FreeRTOS/Source/portable/GCC/ARM_CM4F/port.o
                0x0000000008003e50                SVC_Handler
 .text.prvPortStartFirstTask
                0x0000000008003e78       0x28 Middlewares/Third_Party/FreeRTOS/Source/portable/GCC/ARM_CM4F/port.o
 .text.xPortStartScheduler
                0x0000000008003ea0      0x13c Middlewares/Third_Party/FreeRTOS/Source/portable/GCC/ARM_CM4F/port.o
                0x0000000008003ea0                xPortStartScheduler
 .text.vPortEnterCritical
                0x0000000008003fdc       0x5c Middlewares/Third_Party/FreeRTOS/Source/portable/GCC/ARM_CM4F/port.o
                0x0000000008003fdc                vPortEnterCritical
 .text.vPortExitCritical
                0x0000000008004038       0x50 Middlewares/Third_Party/FreeRTOS/Source/portable/GCC/ARM_CM4F/port.o
                0x0000000008004038                vPortExitCritical
 *fill*         0x0000000008004088        0x8 
 .text.PendSV_Handler
                0x0000000008004090       0x68 Middlewares/Third_Party/FreeRTOS/Source/portable/GCC/ARM_CM4F/port.o
                0x0000000008004090                PendSV_Handler
 .text.xPortSysTickHandler
                0x00000000080040f8       0x40 Middlewares/Third_Party/FreeRTOS/Source/portable/GCC/ARM_CM4F/port.o
                0x00000000080040f8                xPortSysTickHandler
 .text.vPortSetupTimerInterrupt
                0x0000000008004138       0x48 Middlewares/Third_Party/FreeRTOS/Source/portable/GCC/ARM_CM4F/port.o
                0x0000000008004138                vPortSetupTimerInterrupt
 .text.vPortEnableVFP
                0x0000000008004180       0x14 Middlewares/Third_Party/FreeRTOS/Source/portable/GCC/ARM_CM4F/port.o
 .text.pvPortMalloc
                0x0000000008004194      0x184 Middlewares/Third_Party/FreeRTOS/Source/portable/MemMang/heap_4.o
                0x0000000008004194                pvPortMalloc
 .text.vPortFree
                0x0000000008004318       0xb0 Middlewares/Third_Party/FreeRTOS/Source/portable/MemMang/heap_4.o
                0x0000000008004318                vPortFree
 .text.prvHeapInit
                0x00000000080043c8       0xc4 Middlewares/Third_Party/FreeRTOS/Source/portable/MemMang/heap_4.o
 .text.prvInsertBlockIntoFreeList
                0x000000000800448c       0xb4 Middlewares/Third_Party/FreeRTOS/Source/portable/MemMang/heap_4.o
 .text.__libc_init_array
                0x0000000008004540       0x48 d:/st/stm32cubeide_1.1.0/stm32cubeide/plugins/com.st.stm32cube.ide.mcu.externaltools.gnu-tools-for-stm32.7-2018-q2-update.win32_1.4.0.202007081208/tools/bin/../lib/gcc/arm-none-eabi/7.3.1/../../../../arm-none-eabi/lib/thumb/v7e-m/fpv4-sp/hard\libc_nano.a(lib_a-init.o)
                0x0000000008004540                __libc_init_array
 .text.memset   0x0000000008004588       0x10 d:/st/stm32cubeide_1.1.0/stm32cubeide/plugins/com.st.stm32cube.ide.mcu.externaltools.gnu-tools-for-stm32.7-2018-q2-update.win32_1.4.0.202007081208/tools/bin/../lib/gcc/arm-none-eabi/7.3.1/../../../../arm-none-eabi/lib/thumb/v7e-m/fpv4-sp/hard\libc_nano.a(lib_a-memset.o)
                0x0000000008004588                memset
 *(.glue_7)
 .glue_7        0x0000000008004598        0x0 linker stubs
 *(.glue_7t)
 .glue_7t       0x0000000008004598        0x0 linker stubs
 *(.eh_frame)
 .eh_frame      0x0000000008004598        0x0 d:/st/stm32cubeide_1.1.0/stm32cubeide/plugins/com.st.stm32cube.ide.mcu.externaltools.gnu-tools-for-stm32.7-2018-q2-update.win32_1.4.0.202007081208/tools/bin/../lib/gcc/arm-none-eabi/7.3.1/thumb/v7e-m/fpv4-sp/hard/crtbegin.o
 *(.init)
 .init          0x0000000008004598        0x4 d:/st/stm32cubeide_1.1.0/stm32cubeide/plugins/com.st.stm32cube.ide.mcu.externaltools.gnu-tools-for-stm32.7-2018-q2-update.win32_1.4.0.202007081208/tools/bin/../lib/gcc/arm-none-eabi/7.3.1/thumb/v7e-m/fpv4-sp/hard/crti.o
                0x0000000008004598                _init
 .init          0x000000000800459c        0x8 d:/st/stm32cubeide_1.1.0/stm32cubeide/plugins/com.st.stm32cube.ide.mcu.externaltools.gnu-tools-for-stm32.7-2018-q2-update.win32_1.4.0.202007081208/tools/bin/../lib/gcc/arm-none-eabi/7.3.1/thumb/v7e-m/fpv4-sp/hard/crtn.o
 *(.fini)
 .fini          0x00000000080045a4        0x4 d:/st/stm32cubeide_1.1.0/stm32cubeide/plugins/com.st.stm32cube.ide.mcu.externaltools.gnu-tools-for-stm32.7-2018-q2-update.win32_1.4.0.202007081208/tools/bin/../lib/gcc/arm-none-eabi/7.3.1/thumb/v7e-m/fpv4-sp/hard/crti.o
                0x00000000080045a4                _fini
 .fini          0x00000000080045a8        0x8 d:/st/stm32cubeide_1.1.0/stm32cubeide/plugins/com.st.stm32cube.ide.mcu.externaltools.gnu-tools-for-stm32.7-2018-q2-update.win32_1.4.0.202007081208/tools/bin/../lib/gcc/arm-none-eabi/7.3.1/thumb/v7e-m/fpv4-sp/hard/crtn.o
                0x00000000080045b0                . = ALIGN (0x4)
                0x00000000080045b0                _etext = .

.vfp11_veneer   0x00000000080045b0        0x0
 .vfp11_veneer  0x00000000080045b0        0x0 linker stubs

.v4_bx          0x00000000080045b0        0x0
 .v4_bx         0x00000000080045b0        0x0 linker stubs

.iplt           0x00000000080045b0        0x0
 .iplt          0x00000000080045b0        0x0 d:/st/stm32cubeide_1.1.0/stm32cubeide/plugins/com.st.stm32cube.ide.mcu.externaltools.gnu-tools-for-stm32.7-2018-q2-update.win32_1.4.0.202007081208/tools/bin/../lib/gcc/arm-none-eabi/7.3.1/thumb/v7e-m/fpv4-sp/hard/crtbegin.o

.rodata         0x00000000080045b0       0x60
                0x00000000080045b0                . = ALIGN (0x4)
 *(.rodata)
 .rodata        0x00000000080045b0       0x28 Core/Src/freertos.o
 .rodata        0x00000000080045d8        0x5 Middlewares/Third_Party/FreeRTOS/Source/tasks.o
 *(.rodata*)
 *fill*         0x00000000080045dd        0x3 
 .rodata.AHBPrescTable
                0x00000000080045e0       0x10 Core/Src/system_stm32f3xx.o
                0x00000000080045e0                AHBPrescTable
 .rodata.aPLLMULFactorTable
                0x00000000080045f0       0x10 Drivers/STM32F3xx_HAL_Driver/Src/stm32f3xx_hal_rcc.o
                0x00000000080045f0                aPLLMULFactorTable
 .rodata.aPredivFactorTable
                0x0000000008004600       0x10 Drivers/STM32F3xx_HAL_Driver/Src/stm32f3xx_hal_rcc.o
                0x0000000008004600                aPredivFactorTable
                0x0000000008004610                . = ALIGN (0x4)

.rel.dyn        0x0000000008004610        0x0
 .rel.iplt      0x0000000008004610        0x0 d:/st/stm32cubeide_1.1.0/stm32cubeide/plugins/com.st.stm32cube.ide.mcu.externaltools.gnu-tools-for-stm32.7-2018-q2-update.win32_1.4.0.202007081208/tools/bin/../lib/gcc/arm-none-eabi/7.3.1/thumb/v7e-m/fpv4-sp/hard/crtbegin.o

.ARM.extab      0x0000000008004610        0x0
                0x0000000008004610                . = ALIGN (0x4)
 *(.ARM.extab* .gnu.linkonce.armextab.*)
                0x0000000008004610                . = ALIGN (0x4)

.ARM            0x0000000008004610        0x0
                0x0000000008004610                . = ALIGN (0x4)
                0x0000000008004610                __exidx_start = .
 *(.ARM.exidx*)
                0x0000000008004610                __exidx_end = .
                0x0000000008004610                . = ALIGN (0x4)

.preinit_array  0x0000000008004610        0x0
                0x0000000008004610                . = ALIGN (0x4)
                0x0000000008004610                PROVIDE (__preinit_array_start = .)
 *(.preinit_array*)
                0x0000000008004610                PROVIDE (__preinit_array_end = .)
                0x0000000008004610                . = ALIGN (0x4)

.init_array     0x0000000008004610        0x4
                0x0000000008004610                . = ALIGN (0x4)
                0x0000000008004610                PROVIDE (__init_array_start = .)
 *(SORT_BY_NAME(.init_array.*))
 *(.init_array*)
 .init_array    0x0000000008004610        0x4 d:/st/stm32cubeide_1.1.0/stm32cubeide/plugins/com.st.stm32cube.ide.mcu.externaltools.gnu-tools-for-stm32.7-2018-q2-update.win32_1.4.0.202007081208/tools/bin/../lib/gcc/arm-none-eabi/7.3.1/thumb/v7e-m/fpv4-sp/hard/crtbegin.o
                0x0000000008004614                PROVIDE (__init_array_end = .)
                0x0000000008004614                . = ALIGN (0x4)

.fini_array     0x0000000008004614        0x4
                0x0000000008004614                . = ALIGN (0x4)
                [!provide]                        PROVIDE (__fini_array_start = .)
 *(SORT_BY_NAME(.fini_array.*))
 *(.fini_array*)
 .fini_array    0x0000000008004614        0x4 d:/st/stm32cubeide_1.1.0/stm32cubeide/plugins/com.st.stm32cube.ide.mcu.externaltools.gnu-tools-for-stm32.7-2018-q2-update.win32_1.4.0.202007081208/tools/bin/../lib/gcc/arm-none-eabi/7.3.1/thumb/v7e-m/fpv4-sp/hard/crtbegin.o
                [!provide]                        PROVIDE (__fini_array_end = .)
                0x0000000008004618                . = ALIGN (0x4)
                0x0000000008004618                _sidata = LOADADDR (.data)

.data           0x0000000020000000       0x10 load address 0x0000000008004618
                0x0000000020000000                . = ALIGN (0x4)
                0x0000000020000000                _sdata = .
 *(.data)
 *(.data*)
 .data.SystemCoreClock
                0x0000000020000000        0x4 Core/Src/system_stm32f3xx.o
                0x0000000020000000                SystemCoreClock
 .data.uwTickPrio
                0x0000000020000004        0x4 Drivers/STM32F3xx_HAL_Driver/Src/stm32f3xx_hal.o
                0x0000000020000004                uwTickPrio
 .data.uwTickFreq
                0x0000000020000008        0x1 Drivers/STM32F3xx_HAL_Driver/Src/stm32f3xx_hal.o
                0x0000000020000008                uwTickFreq
 *fill*         0x0000000020000009        0x3 
 .data.uxCriticalNesting
                0x000000002000000c        0x4 Middlewares/Third_Party/FreeRTOS/Source/portable/GCC/ARM_CM4F/port.o
                0x0000000020000010                . = ALIGN (0x4)
                0x0000000020000010                _edata = .

.igot.plt       0x0000000020000010        0x0 load address 0x0000000008004628
 .igot.plt      0x0000000020000010        0x0 d:/st/stm32cubeide_1.1.0/stm32cubeide/plugins/com.st.stm32cube.ide.mcu.externaltools.gnu-tools-for-stm32.7-2018-q2-update.win32_1.4.0.202007081208/tools/bin/../lib/gcc/arm-none-eabi/7.3.1/thumb/v7e-m/fpv4-sp/hard/crtbegin.o
                0x0000000020000010                . = ALIGN (0x4)

.bss            0x0000000020000010     0x1100 load address 0x0000000008004628
                0x0000000020000010                _sbss = .
                0x0000000020000010                __bss_start__ = _sbss
 *(.bss)
 .bss           0x0000000020000010       0x1c d:/st/stm32cubeide_1.1.0/stm32cubeide/plugins/com.st.stm32cube.ide.mcu.externaltools.gnu-tools-for-stm32.7-2018-q2-update.win32_1.4.0.202007081208/tools/bin/../lib/gcc/arm-none-eabi/7.3.1/thumb/v7e-m/fpv4-sp/hard/crtbegin.o
 *(.bss*)
 .bss.xIdleTaskTCBBuffer
                0x000000002000002c       0x54 Core/Src/freertos.o
 .bss.xIdleStack
                0x0000000020000080      0x200 Core/Src/freertos.o
 .bss.SDADC1_DegitalValue
                0x0000000020000280       0x14 Core/Src/freertos.o
 .bss.SDADC3_DegitalValue
                0x0000000020000294       0x14 Core/Src/freertos.o
 .bss.IsFinishDMA2_Channel3
                0x00000000200002a8        0x1 Core/Src/stm32f3xx_it.o
                0x00000000200002a8                IsFinishDMA2_Channel3
 .bss.IsFinishDMA2_Channel5
                0x00000000200002a9        0x1 Core/Src/stm32f3xx_it.o
                0x00000000200002a9                IsFinishDMA2_Channel5
 *fill*         0x00000000200002aa        0x2 
 .bss.pxCurrentTCB
                0x00000000200002ac        0x4 Middlewares/Third_Party/FreeRTOS/Source/tasks.o
                0x00000000200002ac                pxCurrentTCB
 .bss.pxReadyTasksLists
                0x00000000200002b0       0x8c Middlewares/Third_Party/FreeRTOS/Source/tasks.o
 .bss.xDelayedTaskList1
                0x000000002000033c       0x14 Middlewares/Third_Party/FreeRTOS/Source/tasks.o
 .bss.xDelayedTaskList2
                0x0000000020000350       0x14 Middlewares/Third_Party/FreeRTOS/Source/tasks.o
 .bss.pxDelayedTaskList
                0x0000000020000364        0x4 Middlewares/Third_Party/FreeRTOS/Source/tasks.o
 .bss.pxOverflowDelayedTaskList
                0x0000000020000368        0x4 Middlewares/Third_Party/FreeRTOS/Source/tasks.o
 .bss.xPendingReadyList
                0x000000002000036c       0x14 Middlewares/Third_Party/FreeRTOS/Source/tasks.o
 .bss.xTasksWaitingTermination
                0x0000000020000380       0x14 Middlewares/Third_Party/FreeRTOS/Source/tasks.o
 .bss.uxDeletedTasksWaitingCleanUp
                0x0000000020000394        0x4 Middlewares/Third_Party/FreeRTOS/Source/tasks.o
 .bss.xSuspendedTaskList
                0x0000000020000398       0x14 Middlewares/Third_Party/FreeRTOS/Source/tasks.o
 .bss.uxCurrentNumberOfTasks
                0x00000000200003ac        0x4 Middlewares/Third_Party/FreeRTOS/Source/tasks.o
 .bss.xTickCount
                0x00000000200003b0        0x4 Middlewares/Third_Party/FreeRTOS/Source/tasks.o
 .bss.uxTopReadyPriority
                0x00000000200003b4        0x4 Middlewares/Third_Party/FreeRTOS/Source/tasks.o
 .bss.xSchedulerRunning
                0x00000000200003b8        0x4 Middlewares/Third_Party/FreeRTOS/Source/tasks.o
 .bss.uxPendedTicks
                0x00000000200003bc        0x4 Middlewares/Third_Party/FreeRTOS/Source/tasks.o
 .bss.xYieldPending
                0x00000000200003c0        0x4 Middlewares/Third_Party/FreeRTOS/Source/tasks.o
 .bss.xNumOfOverflows
                0x00000000200003c4        0x4 Middlewares/Third_Party/FreeRTOS/Source/tasks.o
 .bss.uxTaskNumber
                0x00000000200003c8        0x4 Middlewares/Third_Party/FreeRTOS/Source/tasks.o
 .bss.xNextTaskUnblockTime
                0x00000000200003cc        0x4 Middlewares/Third_Party/FreeRTOS/Source/tasks.o
 .bss.xIdleTaskHandle
                0x00000000200003d0        0x4 Middlewares/Third_Party/FreeRTOS/Source/tasks.o
 .bss.uxSchedulerSuspended
                0x00000000200003d4        0x4 Middlewares/Third_Party/FreeRTOS/Source/tasks.o
 .bss.ucMaxSysCallPriority
                0x00000000200003d8        0x1 Middlewares/Third_Party/FreeRTOS/Source/portable/GCC/ARM_CM4F/port.o
 *fill*         0x00000000200003d9        0x3 
 .bss.ulMaxPRIGROUPValue
                0x00000000200003dc        0x4 Middlewares/Third_Party/FreeRTOS/Source/portable/GCC/ARM_CM4F/port.o
 .bss.ucHeap    0x00000000200003e0      0xc00 Middlewares/Third_Party/FreeRTOS/Source/portable/MemMang/heap_4.o
 .bss.xStart    0x0000000020000fe0        0x8 Middlewares/Third_Party/FreeRTOS/Source/portable/MemMang/heap_4.o
 .bss.pxEnd     0x0000000020000fe8        0x4 Middlewares/Third_Party/FreeRTOS/Source/portable/MemMang/heap_4.o
 .bss.xFreeBytesRemaining
                0x0000000020000fec        0x4 Middlewares/Third_Party/FreeRTOS/Source/portable/MemMang/heap_4.o
 .bss.xMinimumEverFreeBytesRemaining
                0x0000000020000ff0        0x4 Middlewares/Third_Party/FreeRTOS/Source/portable/MemMang/heap_4.o
 .bss.xBlockAllocatedBit
                0x0000000020000ff4        0x4 Middlewares/Third_Party/FreeRTOS/Source/portable/MemMang/heap_4.o
 *(COMMON)
 COMMON         0x0000000020000ff8        0x4 Core/Src/freertos.o
                0x0000000020000ff8                defaultTaskHandle
 COMMON         0x0000000020000ffc      0x110 Core/Src/sdadc.o
                0x0000000020000ffc                hdma_sdadc1
                0x0000000020001040                hdma_sdadc3
                0x0000000020001084                hsdadc1
                0x00000000200010c8                hsdadc3
 COMMON         0x000000002000110c        0x4 Drivers/STM32F3xx_HAL_Driver/Src/stm32f3xx_hal.o
                0x000000002000110c                uwTick
                0x0000000020001110                . = ALIGN (0x4)
                0x0000000020001110                _ebss = .
                0x0000000020001110                __bss_end__ = _ebss

._user_heap_stack
                0x0000000020001110      0x600 load address 0x0000000008004628
                0x0000000020001110                . = ALIGN (0x8)
                [!provide]                        PROVIDE (end = .)
                0x0000000020001110                PROVIDE (_end = .)
                0x0000000020001310                . = (. + _Min_Heap_Size)
 *fill*         0x0000000020001110      0x200 
                0x0000000020001710                . = (. + _Min_Stack_Size)
 *fill*         0x0000000020001310      0x400 
                0x0000000020001710                . = ALIGN (0x8)

/DISCARD/
 libc.a(*)
 libm.a(*)
 libgcc.a(*)

.ARM.attributes
                0x0000000000000000       0x30
 *(.ARM.attributes)
 .ARM.attributes
                0x0000000000000000       0x22 d:/st/stm32cubeide_1.1.0/stm32cubeide/plugins/com.st.stm32cube.ide.mcu.externaltools.gnu-tools-for-stm32.7-2018-q2-update.win32_1.4.0.202007081208/tools/bin/../lib/gcc/arm-none-eabi/7.3.1/thumb/v7e-m/fpv4-sp/hard/crti.o
 .ARM.attributes
                0x0000000000000022       0x34 d:/st/stm32cubeide_1.1.0/stm32cubeide/plugins/com.st.stm32cube.ide.mcu.externaltools.gnu-tools-for-stm32.7-2018-q2-update.win32_1.4.0.202007081208/tools/bin/../lib/gcc/arm-none-eabi/7.3.1/thumb/v7e-m/fpv4-sp/hard/crtbegin.o
 .ARM.attributes
                0x0000000000000056       0x39 Core/Src/dma.o
 .ARM.attributes
                0x000000000000008f       0x39 Core/Src/freertos.o
 .ARM.attributes
                0x00000000000000c8       0x39 Core/Src/gpio.o
 .ARM.attributes
                0x0000000000000101       0x39 Core/Src/main.o
 .ARM.attributes
                0x000000000000013a       0x39 Core/Src/sdadc.o
 .ARM.attributes
                0x0000000000000173       0x39 Core/Src/stm32f3xx_hal_msp.o
 .ARM.attributes
                0x00000000000001ac       0x39 Core/Src/stm32f3xx_it.o
 .ARM.attributes
                0x00000000000001e5       0x39 Core/Src/system_stm32f3xx.o
 .ARM.attributes
                0x000000000000021e       0x21 Core/Startup/startup_stm32f373vctx.o
 .ARM.attributes
                0x000000000000023f       0x39 Drivers/STM32F3xx_HAL_Driver/Src/stm32f3xx_hal.o
 .ARM.attributes
                0x0000000000000278       0x39 Drivers/STM32F3xx_HAL_Driver/Src/stm32f3xx_hal_cortex.o
 .ARM.attributes
                0x00000000000002b1       0x39 Drivers/STM32F3xx_HAL_Driver/Src/stm32f3xx_hal_dma.o
 .ARM.attributes
                0x00000000000002ea       0x39 Drivers/STM32F3xx_HAL_Driver/Src/stm32f3xx_hal_gpio.o
 .ARM.attributes
                0x0000000000000323       0x39 Drivers/STM32F3xx_HAL_Driver/Src/stm32f3xx_hal_pwr_ex.o
 .ARM.attributes
                0x000000000000035c       0x39 Drivers/STM32F3xx_HAL_Driver/Src/stm32f3xx_hal_rcc.o
 .ARM.attributes
                0x0000000000000395       0x39 Drivers/STM32F3xx_HAL_Driver/Src/stm32f3xx_hal_rcc_ex.o
 .ARM.attributes
                0x00000000000003ce       0x39 Drivers/STM32F3xx_HAL_Driver/Src/stm32f3xx_hal_sdadc.o
 .ARM.attributes
                0x0000000000000407       0x39 Middlewares/Third_Party/FreeRTOS/Source/CMSIS_RTOS/cmsis_os.o
 .ARM.attributes
                0x0000000000000440       0x39 Middlewares/Third_Party/FreeRTOS/Source/list.o
 .ARM.attributes
                0x0000000000000479       0x39 Middlewares/Third_Party/FreeRTOS/Source/tasks.o
 .ARM.attributes
                0x00000000000004b2       0x39 Middlewares/Third_Party/FreeRTOS/Source/portable/GCC/ARM_CM4F/port.o
 .ARM.attributes
                0x00000000000004eb       0x39 Middlewares/Third_Party/FreeRTOS/Source/portable/MemMang/heap_4.o
 .ARM.attributes
                0x0000000000000524       0x34 d:/st/stm32cubeide_1.1.0/stm32cubeide/plugins/com.st.stm32cube.ide.mcu.externaltools.gnu-tools-for-stm32.7-2018-q2-update.win32_1.4.0.202007081208/tools/bin/../lib/gcc/arm-none-eabi/7.3.1/../../../../arm-none-eabi/lib/thumb/v7e-m/fpv4-sp/hard\libc_nano.a(lib_a-init.o)
 .ARM.attributes
                0x0000000000000558       0x34 d:/st/stm32cubeide_1.1.0/stm32cubeide/plugins/com.st.stm32cube.ide.mcu.externaltools.gnu-tools-for-stm32.7-2018-q2-update.win32_1.4.0.202007081208/tools/bin/../lib/gcc/arm-none-eabi/7.3.1/../../../../arm-none-eabi/lib/thumb/v7e-m/fpv4-sp/hard\libc_nano.a(lib_a-memset.o)
 .ARM.attributes
                0x000000000000058c       0x22 d:/st/stm32cubeide_1.1.0/stm32cubeide/plugins/com.st.stm32cube.ide.mcu.externaltools.gnu-tools-for-stm32.7-2018-q2-update.win32_1.4.0.202007081208/tools/bin/../lib/gcc/arm-none-eabi/7.3.1/thumb/v7e-m/fpv4-sp/hard/crtn.o
OUTPUT(SDADC_Injected.elf elf32-littlearm)

.debug_info     0x0000000000000000     0xe8a0
 .debug_info    0x0000000000000000      0x420 Core/Src/dma.o
 .debug_info    0x0000000000000420      0xa01 Core/Src/freertos.o
 .debug_info    0x0000000000000e21      0x2b0 Core/Src/gpio.o
 .debug_info    0x00000000000010d1      0x89f Core/Src/main.o
 .debug_info    0x0000000000001970      0x9fd Core/Src/sdadc.o
 .debug_info    0x000000000000236d      0x278 Core/Src/stm32f3xx_hal_msp.o
 .debug_info    0x00000000000025e5      0x46a Core/Src/stm32f3xx_it.o
 .debug_info    0x0000000000002a4f      0x45c Core/Src/system_stm32f3xx.o
 .debug_info    0x0000000000002eab       0x22 Core/Startup/startup_stm32f373vctx.o
 .debug_info    0x0000000000002ecd      0x7d6 Drivers/STM32F3xx_HAL_Driver/Src/stm32f3xx_hal.o
 .debug_info    0x00000000000036a3      0xd8d Drivers/STM32F3xx_HAL_Driver/Src/stm32f3xx_hal_cortex.o
 .debug_info    0x0000000000004430      0x7cb Drivers/STM32F3xx_HAL_Driver/Src/stm32f3xx_hal_dma.o
 .debug_info    0x0000000000004bfb      0x6a3 Drivers/STM32F3xx_HAL_Driver/Src/stm32f3xx_hal_gpio.o
 .debug_info    0x000000000000529e      0x3d8 Drivers/STM32F3xx_HAL_Driver/Src/stm32f3xx_hal_pwr_ex.o
 .debug_info    0x0000000000005676     0x180f Drivers/STM32F3xx_HAL_Driver/Src/stm32f3xx_hal_rcc.o
 .debug_info    0x0000000000006e85      0x66b Drivers/STM32F3xx_HAL_Driver/Src/stm32f3xx_hal_rcc_ex.o
 .debug_info    0x00000000000074f0     0x1535 Drivers/STM32F3xx_HAL_Driver/Src/stm32f3xx_hal_sdadc.o
 .debug_info    0x0000000000008a25     0x1e5d Middlewares/Third_Party/FreeRTOS/Source/CMSIS_RTOS/cmsis_os.o
 .debug_info    0x000000000000a882      0xac5 Middlewares/Third_Party/FreeRTOS/Source/list.o
 .debug_info    0x000000000000b347     0x243c Middlewares/Third_Party/FreeRTOS/Source/tasks.o
 .debug_info    0x000000000000d783      0x533 Middlewares/Third_Party/FreeRTOS/Source/portable/GCC/ARM_CM4F/port.o
 .debug_info    0x000000000000dcb6      0xbea Middlewares/Third_Party/FreeRTOS/Source/portable/MemMang/heap_4.o

.debug_abbrev   0x0000000000000000     0x2884
 .debug_abbrev  0x0000000000000000      0x107 Core/Src/dma.o
 .debug_abbrev  0x0000000000000107      0x199 Core/Src/freertos.o
 .debug_abbrev  0x00000000000002a0      0x109 Core/Src/gpio.o
 .debug_abbrev  0x00000000000003a9      0x174 Core/Src/main.o
 .debug_abbrev  0x000000000000051d      0x1d3 Core/Src/sdadc.o
 .debug_abbrev  0x00000000000006f0      0x109 Core/Src/stm32f3xx_hal_msp.o
 .debug_abbrev  0x00000000000007f9      0x156 Core/Src/stm32f3xx_it.o
 .debug_abbrev  0x000000000000094f      0x12b Core/Src/system_stm32f3xx.o
 .debug_abbrev  0x0000000000000a7a       0x12 Core/Startup/startup_stm32f373vctx.o
 .debug_abbrev  0x0000000000000a8c      0x1c7 Drivers/STM32F3xx_HAL_Driver/Src/stm32f3xx_hal.o
 .debug_abbrev  0x0000000000000c53      0x2fa Drivers/STM32F3xx_HAL_Driver/Src/stm32f3xx_hal_cortex.o
 .debug_abbrev  0x0000000000000f4d      0x1fe Drivers/STM32F3xx_HAL_Driver/Src/stm32f3xx_hal_dma.o
 .debug_abbrev  0x000000000000114b      0x1c0 Drivers/STM32F3xx_HAL_Driver/Src/stm32f3xx_hal_gpio.o
 .debug_abbrev  0x000000000000130b      0x16d Drivers/STM32F3xx_HAL_Driver/Src/stm32f3xx_hal_pwr_ex.o
 .debug_abbrev  0x0000000000001478      0x28c Drivers/STM32F3xx_HAL_Driver/Src/stm32f3xx_hal_rcc.o
 .debug_abbrev  0x0000000000001704      0x219 Drivers/STM32F3xx_HAL_Driver/Src/stm32f3xx_hal_rcc_ex.o
 .debug_abbrev  0x000000000000191d      0x239 Drivers/STM32F3xx_HAL_Driver/Src/stm32f3xx_hal_sdadc.o
 .debug_abbrev  0x0000000000001b56      0x379 Middlewares/Third_Party/FreeRTOS/Source/CMSIS_RTOS/cmsis_os.o
 .debug_abbrev  0x0000000000001ecf      0x1cf Middlewares/Third_Party/FreeRTOS/Source/list.o
 .debug_abbrev  0x000000000000209e      0x338 Middlewares/Third_Party/FreeRTOS/Source/tasks.o
 .debug_abbrev  0x00000000000023d6      0x210 Middlewares/Third_Party/FreeRTOS/Source/portable/GCC/ARM_CM4F/port.o
 .debug_abbrev  0x00000000000025e6      0x29e Middlewares/Third_Party/FreeRTOS/Source/portable/MemMang/heap_4.o

.debug_aranges  0x0000000000000000      0xc18
 .debug_aranges
                0x0000000000000000       0x20 Core/Src/dma.o
 .debug_aranges
                0x0000000000000020       0x30 Core/Src/freertos.o
 .debug_aranges
                0x0000000000000050       0x20 Core/Src/gpio.o
 .debug_aranges
                0x0000000000000070       0x30 Core/Src/main.o
 .debug_aranges
                0x00000000000000a0       0x38 Core/Src/sdadc.o
 .debug_aranges
                0x00000000000000d8       0x20 Core/Src/stm32f3xx_hal_msp.o
 .debug_aranges
                0x00000000000000f8       0x60 Core/Src/stm32f3xx_it.o
 .debug_aranges
                0x0000000000000158       0x28 Core/Src/system_stm32f3xx.o
 .debug_aranges
                0x0000000000000180       0x28 Core/Startup/startup_stm32f373vctx.o
 .debug_aranges
                0x00000000000001a8       0xe0 Drivers/STM32F3xx_HAL_Driver/Src/stm32f3xx_hal.o
 .debug_aranges
                0x0000000000000288      0x118 Drivers/STM32F3xx_HAL_Driver/Src/stm32f3xx_hal_cortex.o
 .debug_aranges
                0x00000000000003a0       0x88 Drivers/STM32F3xx_HAL_Driver/Src/stm32f3xx_hal_dma.o
 .debug_aranges
                0x0000000000000428       0x58 Drivers/STM32F3xx_HAL_Driver/Src/stm32f3xx_hal_gpio.o
 .debug_aranges
                0x0000000000000480       0x50 Drivers/STM32F3xx_HAL_Driver/Src/stm32f3xx_hal_pwr_ex.o
 .debug_aranges
                0x00000000000004d0       0x88 Drivers/STM32F3xx_HAL_Driver/Src/stm32f3xx_hal_rcc.o
 .debug_aranges
                0x0000000000000558       0x38 Drivers/STM32F3xx_HAL_Driver/Src/stm32f3xx_hal_rcc_ex.o
 .debug_aranges
                0x0000000000000590      0x1f8 Drivers/STM32F3xx_HAL_Driver/Src/stm32f3xx_hal_sdadc.o
 .debug_aranges
                0x0000000000000788      0x1d8 Middlewares/Third_Party/FreeRTOS/Source/CMSIS_RTOS/cmsis_os.o
 .debug_aranges
                0x0000000000000960       0x40 Middlewares/Third_Party/FreeRTOS/Source/list.o
 .debug_aranges
                0x00000000000009a0      0x1a8 Middlewares/Third_Party/FreeRTOS/Source/tasks.o
 .debug_aranges
                0x0000000000000b48       0x80 Middlewares/Third_Party/FreeRTOS/Source/portable/GCC/ARM_CM4F/port.o
 .debug_aranges
                0x0000000000000bc8       0x50 Middlewares/Third_Party/FreeRTOS/Source/portable/MemMang/heap_4.o

.debug_ranges   0x0000000000000000      0xac0
 .debug_ranges  0x0000000000000000       0x10 Core/Src/dma.o
 .debug_ranges  0x0000000000000010       0x20 Core/Src/freertos.o
 .debug_ranges  0x0000000000000030       0x10 Core/Src/gpio.o
 .debug_ranges  0x0000000000000040       0x20 Core/Src/main.o
 .debug_ranges  0x0000000000000060       0x28 Core/Src/sdadc.o
 .debug_ranges  0x0000000000000088       0x10 Core/Src/stm32f3xx_hal_msp.o
 .debug_ranges  0x0000000000000098       0x50 Core/Src/stm32f3xx_it.o
 .debug_ranges  0x00000000000000e8       0x18 Core/Src/system_stm32f3xx.o
 .debug_ranges  0x0000000000000100       0x20 Core/Startup/startup_stm32f373vctx.o
 .debug_ranges  0x0000000000000120       0xd0 Drivers/STM32F3xx_HAL_Driver/Src/stm32f3xx_hal.o
 .debug_ranges  0x00000000000001f0      0x108 Drivers/STM32F3xx_HAL_Driver/Src/stm32f3xx_hal_cortex.o
 .debug_ranges  0x00000000000002f8       0x78 Drivers/STM32F3xx_HAL_Driver/Src/stm32f3xx_hal_dma.o
 .debug_ranges  0x0000000000000370       0x48 Drivers/STM32F3xx_HAL_Driver/Src/stm32f3xx_hal_gpio.o
 .debug_ranges  0x00000000000003b8       0x40 Drivers/STM32F3xx_HAL_Driver/Src/stm32f3xx_hal_pwr_ex.o
 .debug_ranges  0x00000000000003f8       0x78 Drivers/STM32F3xx_HAL_Driver/Src/stm32f3xx_hal_rcc.o
 .debug_ranges  0x0000000000000470       0x28 Drivers/STM32F3xx_HAL_Driver/Src/stm32f3xx_hal_rcc_ex.o
 .debug_ranges  0x0000000000000498      0x1e8 Drivers/STM32F3xx_HAL_Driver/Src/stm32f3xx_hal_sdadc.o
 .debug_ranges  0x0000000000000680      0x1c8 Middlewares/Third_Party/FreeRTOS/Source/CMSIS_RTOS/cmsis_os.o
 .debug_ranges  0x0000000000000848       0x30 Middlewares/Third_Party/FreeRTOS/Source/list.o
 .debug_ranges  0x0000000000000878      0x198 Middlewares/Third_Party/FreeRTOS/Source/tasks.o
 .debug_ranges  0x0000000000000a10       0x70 Middlewares/Third_Party/FreeRTOS/Source/portable/GCC/ARM_CM4F/port.o
 .debug_ranges  0x0000000000000a80       0x40 Middlewares/Third_Party/FreeRTOS/Source/portable/MemMang/heap_4.o

.debug_macro    0x0000000000000000    0x18551
 .debug_macro   0x0000000000000000      0x1c4 Core/Src/dma.o
 .debug_macro   0x00000000000001c4      0xa5a Core/Src/dma.o
 .debug_macro   0x0000000000000c1e      0x151 Core/Src/dma.o
 .debug_macro   0x0000000000000d6f       0x2e Core/Src/dma.o
 .debug_macro   0x0000000000000d9d       0x28 Core/Src/dma.o
 .debug_macro   0x0000000000000dc5       0x22 Core/Src/dma.o
 .debug_macro   0x0000000000000de7       0x8e Core/Src/dma.o
 .debug_macro   0x0000000000000e75       0x51 Core/Src/dma.o
 .debug_macro   0x0000000000000ec6       0xef Core/Src/dma.o
 .debug_macro   0x0000000000000fb5       0x6a Core/Src/dma.o
 .debug_macro   0x000000000000101f      0x1df Core/Src/dma.o
 .debug_macro   0x00000000000011fe       0x1c Core/Src/dma.o
 .debug_macro   0x000000000000121a       0x22 Core/Src/dma.o
 .debug_macro   0x000000000000123c       0xdf Core/Src/dma.o
 .debug_macro   0x000000000000131b     0x102d Core/Src/dma.o
 .debug_macro   0x0000000000002348      0x11f Core/Src/dma.o
 .debug_macro   0x0000000000002467    0x10702 Core/Src/dma.o
 .debug_macro   0x0000000000012b69       0x43 Core/Src/dma.o
 .debug_macro   0x0000000000012bac      0x174 Core/Src/dma.o
 .debug_macro   0x0000000000012d20       0x53 Core/Src/dma.o
 .debug_macro   0x0000000000012d73      0x95b Core/Src/dma.o
 .debug_macro   0x00000000000136ce      0x5dc Core/Src/dma.o
 .debug_macro   0x0000000000013caa      0x12f Core/Src/dma.o
 .debug_macro   0x0000000000013dd9      0x161 Core/Src/dma.o
 .debug_macro   0x0000000000013f3a      0x1ab Core/Src/dma.o
 .debug_macro   0x00000000000140e5      0x1bc Core/Src/dma.o
 .debug_macro   0x00000000000142a1       0x30 Core/Src/dma.o
 .debug_macro   0x00000000000142d1       0x3c Core/Src/dma.o
 .debug_macro   0x000000000001430d      0x236 Core/Src/dma.o
 .debug_macro   0x0000000000014543       0xc5 Core/Src/dma.o
 .debug_macro   0x0000000000014608      0x231 Core/Src/dma.o
 .debug_macro   0x0000000000014839      0x22c Core/Src/dma.o
 .debug_macro   0x0000000000014a65       0x5b Core/Src/dma.o
 .debug_macro   0x0000000000014ac0       0xa5 Core/Src/dma.o
 .debug_macro   0x0000000000014b65       0x81 Core/Src/dma.o
 .debug_macro   0x0000000000014be6       0xec Core/Src/dma.o
 .debug_macro   0x0000000000014cd2      0x30c Core/Src/dma.o
 .debug_macro   0x0000000000014fde      0x244 Core/Src/dma.o
 .debug_macro   0x0000000000015222      0x285 Core/Src/freertos.o
 .debug_macro   0x00000000000154a7       0xd0 Core/Src/freertos.o
 .debug_macro   0x0000000000015577      0x15a Core/Src/freertos.o
 .debug_macro   0x00000000000156d1       0xd7 Core/Src/freertos.o
 .debug_macro   0x00000000000157a8       0x10 Core/Src/freertos.o
 .debug_macro   0x00000000000157b8       0x1f Core/Src/freertos.o
 .debug_macro   0x00000000000157d7      0x4b7 Core/Src/freertos.o
 .debug_macro   0x0000000000015c8e       0xb5 Core/Src/freertos.o
 .debug_macro   0x0000000000015d43       0x8c Core/Src/freertos.o
 .debug_macro   0x0000000000015dcf       0x91 Core/Src/freertos.o
 .debug_macro   0x0000000000015e60       0x8d Core/Src/freertos.o
 .debug_macro   0x0000000000015eed       0x7e Core/Src/freertos.o
 .debug_macro   0x0000000000015f6b       0x19 Core/Src/freertos.o
 .debug_macro   0x0000000000015f84       0xf2 Core/Src/freertos.o
 .debug_macro   0x0000000000016076      0x1c4 Core/Src/gpio.o
 .debug_macro   0x000000000001623a      0x28f Core/Src/main.o
 .debug_macro   0x00000000000164c9       0xd0 Core/Src/main.o
 .debug_macro   0x0000000000016599      0x1c4 Core/Src/sdadc.o
 .debug_macro   0x000000000001675d      0x1ba Core/Src/stm32f3xx_hal_msp.o
 .debug_macro   0x0000000000016917      0x22c Core/Src/stm32f3xx_it.o
 .debug_macro   0x0000000000016b43      0x1b6 Core/Src/system_stm32f3xx.o
 .debug_macro   0x0000000000016cf9      0x1d4 Drivers/STM32F3xx_HAL_Driver/Src/stm32f3xx_hal.o
 .debug_macro   0x0000000000016ecd      0x1b0 Drivers/STM32F3xx_HAL_Driver/Src/stm32f3xx_hal_cortex.o
 .debug_macro   0x000000000001707d      0x1b0 Drivers/STM32F3xx_HAL_Driver/Src/stm32f3xx_hal_dma.o
 .debug_macro   0x000000000001722d      0x1e8 Drivers/STM32F3xx_HAL_Driver/Src/stm32f3xx_hal_gpio.o
 .debug_macro   0x0000000000017415      0x1c8 Drivers/STM32F3xx_HAL_Driver/Src/stm32f3xx_hal_pwr_ex.o
 .debug_macro   0x00000000000175dd      0x1d4 Drivers/STM32F3xx_HAL_Driver/Src/stm32f3xx_hal_rcc.o
 .debug_macro   0x00000000000177b1      0x1b0 Drivers/STM32F3xx_HAL_Driver/Src/stm32f3xx_hal_rcc_ex.o
 .debug_macro   0x0000000000017961      0x1d4 Drivers/STM32F3xx_HAL_Driver/Src/stm32f3xx_hal_sdadc.o
 .debug_macro   0x0000000000017b35      0x1f1 Middlewares/Third_Party/FreeRTOS/Source/CMSIS_RTOS/cmsis_os.o
 .debug_macro   0x0000000000017d26       0x10 Middlewares/Third_Party/FreeRTOS/Source/CMSIS_RTOS/cmsis_os.o
 .debug_macro   0x0000000000017d36       0x20 Middlewares/Third_Party/FreeRTOS/Source/CMSIS_RTOS/cmsis_os.o
 .debug_macro   0x0000000000017d56       0xc7 Middlewares/Third_Party/FreeRTOS/Source/CMSIS_RTOS/cmsis_os.o
 .debug_macro   0x0000000000017e1d      0x17a Middlewares/Third_Party/FreeRTOS/Source/list.o
 .debug_macro   0x0000000000017f97      0x273 Middlewares/Third_Party/FreeRTOS/Source/tasks.o
 .debug_macro   0x000000000001820a       0x10 Middlewares/Third_Party/FreeRTOS/Source/tasks.o
 .debug_macro   0x000000000001821a      0x196 Middlewares/Third_Party/FreeRTOS/Source/portable/GCC/ARM_CM4F/port.o
 .debug_macro   0x00000000000183b0      0x1a1 Middlewares/Third_Party/FreeRTOS/Source/portable/MemMang/heap_4.o

.debug_line     0x0000000000000000     0xbaa6
 .debug_line    0x0000000000000000      0x65d Core/Src/dma.o
 .debug_line    0x000000000000065d      0x826 Core/Src/freertos.o
 .debug_line    0x0000000000000e83      0x65e Core/Src/gpio.o
 .debug_line    0x00000000000014e1      0x831 Core/Src/main.o
 .debug_line    0x0000000000001d12      0x718 Core/Src/sdadc.o
 .debug_line    0x000000000000242a      0x660 Core/Src/stm32f3xx_hal_msp.o
 .debug_line    0x0000000000002a8a      0x80d Core/Src/stm32f3xx_it.o
 .debug_line    0x0000000000003297      0x67e Core/Src/system_stm32f3xx.o
 .debug_line    0x0000000000003915       0x85 Core/Startup/startup_stm32f373vctx.o
 .debug_line    0x000000000000399a      0x83b Drivers/STM32F3xx_HAL_Driver/Src/stm32f3xx_hal.o
 .debug_line    0x00000000000041d5      0x970 Drivers/STM32F3xx_HAL_Driver/Src/stm32f3xx_hal_cortex.o
 .debug_line    0x0000000000004b45      0x87a Drivers/STM32F3xx_HAL_Driver/Src/stm32f3xx_hal_dma.o
 .debug_line    0x00000000000053bf      0x7ee Drivers/STM32F3xx_HAL_Driver/Src/stm32f3xx_hal_gpio.o
 .debug_line    0x0000000000005bad      0x6e9 Drivers/STM32F3xx_HAL_Driver/Src/stm32f3xx_hal_pwr_ex.o
 .debug_line    0x0000000000006296      0xdb3 Drivers/STM32F3xx_HAL_Driver/Src/stm32f3xx_hal_rcc.o
 .debug_line    0x0000000000007049      0x897 Drivers/STM32F3xx_HAL_Driver/Src/stm32f3xx_hal_rcc_ex.o
 .debug_line    0x00000000000078e0      0xf32 Drivers/STM32F3xx_HAL_Driver/Src/stm32f3xx_hal_sdadc.o
 .debug_line    0x0000000000008812      0xcc0 Middlewares/Third_Party/FreeRTOS/Source/CMSIS_RTOS/cmsis_os.o
 .debug_line    0x00000000000094d2      0x66c Middlewares/Third_Party/FreeRTOS/Source/list.o
 .debug_line    0x0000000000009b3e     0x1173 Middlewares/Third_Party/FreeRTOS/Source/tasks.o
 .debug_line    0x000000000000acb1      0x6a3 Middlewares/Third_Party/FreeRTOS/Source/portable/GCC/ARM_CM4F/port.o
 .debug_line    0x000000000000b354      0x752 Middlewares/Third_Party/FreeRTOS/Source/portable/MemMang/heap_4.o

.debug_str      0x0000000000000000    0x89bb2
 .debug_str     0x0000000000000000    0x7c413 Core/Src/dma.o
                                      0x7cb0b (size before relaxing)
 .debug_str     0x000000000007c413     0x6294 Core/Src/freertos.o
                                      0x829fb (size before relaxing)
 .debug_str     0x00000000000826a7       0x2a Core/Src/gpio.o
                                      0x7c739 (size before relaxing)
 .debug_str     0x00000000000826d1      0x268 Core/Src/main.o
                                      0x82912 (size before relaxing)
 .debug_str     0x0000000000082939      0x12c Core/Src/sdadc.o
                                      0x7cce1 (size before relaxing)
 .debug_str     0x0000000000082a65       0x2c Core/Src/stm32f3xx_hal_msp.o
                                      0x7c73b (size before relaxing)
 .debug_str     0x0000000000082a91       0xc2 Core/Src/stm32f3xx_it.o
                                      0x8037a (size before relaxing)
 .debug_str     0x0000000000082b53       0xc7 Core/Src/system_stm32f3xx.o
                                      0x7c7cf (size before relaxing)
 .debug_str     0x0000000000082c1a       0x36 Core/Startup/startup_stm32f373vctx.o
                                         0x7c (size before relaxing)
 .debug_str     0x0000000000082c50      0x3d3 Drivers/STM32F3xx_HAL_Driver/Src/stm32f3xx_hal.o
                                      0x7cefa (size before relaxing)
 .debug_str     0x0000000000083023      0x39f Drivers/STM32F3xx_HAL_Driver/Src/stm32f3xx_hal_cortex.o
                                      0x7d008 (size before relaxing)
 .debug_str     0x00000000000833c2      0x257 Drivers/STM32F3xx_HAL_Driver/Src/stm32f3xx_hal_dma.o
                                      0x7cb35 (size before relaxing)
 .debug_str     0x0000000000083619      0x22a Drivers/STM32F3xx_HAL_Driver/Src/stm32f3xx_hal_gpio.o
                                      0x7c9f9 (size before relaxing)
 .debug_str     0x0000000000083843      0x173 Drivers/STM32F3xx_HAL_Driver/Src/stm32f3xx_hal_pwr_ex.o
                                      0x7c8a0 (size before relaxing)
 .debug_str     0x00000000000839b6      0x307 Drivers/STM32F3xx_HAL_Driver/Src/stm32f3xx_hal_rcc.o
                                      0x7cc29 (size before relaxing)
 .debug_str     0x0000000000083cbd       0xd9 Drivers/STM32F3xx_HAL_Driver/Src/stm32f3xx_hal_rcc_ex.o
                                      0x7c98b (size before relaxing)
 .debug_str     0x0000000000083d96      0x734 Drivers/STM32F3xx_HAL_Driver/Src/stm32f3xx_hal_sdadc.o
                                      0x7d33c (size before relaxing)
 .debug_str     0x00000000000844ca     0x379f Middlewares/Third_Party/FreeRTOS/Source/CMSIS_RTOS/cmsis_os.o
                                       0xdd85 (size before relaxing)
 .debug_str     0x0000000000087c69      0x225 Middlewares/Third_Party/FreeRTOS/Source/list.o
                                       0xa4cd (size before relaxing)
 .debug_str     0x0000000000087e8e     0x12b3 Middlewares/Third_Party/FreeRTOS/Source/tasks.o
                                       0xc6ba (size before relaxing)
 .debug_str     0x0000000000089141      0x817 Middlewares/Third_Party/FreeRTOS/Source/portable/GCC/ARM_CM4F/port.o
                                       0x81ca (size before relaxing)
 .debug_str     0x0000000000089958      0x25a Middlewares/Third_Party/FreeRTOS/Source/portable/MemMang/heap_4.o
                                       0xabf0 (size before relaxing)

.comment        0x0000000000000000       0x7b
 .comment       0x0000000000000000       0x7b Core/Src/dma.o
                                         0x7c (size before relaxing)
 .comment       0x000000000000007b       0x7c Core/Src/freertos.o
 .comment       0x000000000000007b       0x7c Core/Src/gpio.o
 .comment       0x000000000000007b       0x7c Core/Src/main.o
 .comment       0x000000000000007b       0x7c Core/Src/sdadc.o
 .comment       0x000000000000007b       0x7c Core/Src/stm32f3xx_hal_msp.o
 .comment       0x000000000000007b       0x7c Core/Src/stm32f3xx_it.o
 .comment       0x000000000000007b       0x7c Core/Src/system_stm32f3xx.o
 .comment       0x000000000000007b       0x7c Drivers/STM32F3xx_HAL_Driver/Src/stm32f3xx_hal.o
 .comment       0x000000000000007b       0x7c Drivers/STM32F3xx_HAL_Driver/Src/stm32f3xx_hal_cortex.o
 .comment       0x000000000000007b       0x7c Drivers/STM32F3xx_HAL_Driver/Src/stm32f3xx_hal_dma.o
 .comment       0x000000000000007b       0x7c Drivers/STM32F3xx_HAL_Driver/Src/stm32f3xx_hal_gpio.o
 .comment       0x000000000000007b       0x7c Drivers/STM32F3xx_HAL_Driver/Src/stm32f3xx_hal_pwr_ex.o
 .comment       0x000000000000007b       0x7c Drivers/STM32F3xx_HAL_Driver/Src/stm32f3xx_hal_rcc.o
 .comment       0x000000000000007b       0x7c Drivers/STM32F3xx_HAL_Driver/Src/stm32f3xx_hal_rcc_ex.o
 .comment       0x000000000000007b       0x7c Drivers/STM32F3xx_HAL_Driver/Src/stm32f3xx_hal_sdadc.o
 .comment       0x000000000000007b       0x7c Middlewares/Third_Party/FreeRTOS/Source/CMSIS_RTOS/cmsis_os.o
 .comment       0x000000000000007b       0x7c Middlewares/Third_Party/FreeRTOS/Source/list.o
 .comment       0x000000000000007b       0x7c Middlewares/Third_Party/FreeRTOS/Source/tasks.o
 .comment       0x000000000000007b       0x7c Middlewares/Third_Party/FreeRTOS/Source/portable/GCC/ARM_CM4F/port.o
 .comment       0x000000000000007b       0x7c Middlewares/Third_Party/FreeRTOS/Source/portable/MemMang/heap_4.o

.debug_frame    0x0000000000000000     0x2e7c
 .debug_frame   0x0000000000000000       0x34 Core/Src/dma.o
 .debug_frame   0x0000000000000034       0x80 Core/Src/freertos.o
 .debug_frame   0x00000000000000b4       0x38 Core/Src/gpio.o
 .debug_frame   0x00000000000000ec       0x70 Core/Src/main.o
 .debug_frame   0x000000000000015c       0xa0 Core/Src/sdadc.o
 .debug_frame   0x00000000000001fc       0x38 Core/Src/stm32f3xx_hal_msp.o
 .debug_frame   0x0000000000000234      0x104 Core/Src/stm32f3xx_it.o
 .debug_frame   0x0000000000000338       0x58 Core/Src/system_stm32f3xx.o
 .debug_frame   0x0000000000000390      0x334 Drivers/STM32F3xx_HAL_Driver/Src/stm32f3xx_hal.o
 .debug_frame   0x00000000000006c4      0x498 Drivers/STM32F3xx_HAL_Driver/Src/stm32f3xx_hal_cortex.o
 .debug_frame   0x0000000000000b5c      0x224 Drivers/STM32F3xx_HAL_Driver/Src/stm32f3xx_hal_dma.o
 .debug_frame   0x0000000000000d80      0x14c Drivers/STM32F3xx_HAL_Driver/Src/stm32f3xx_hal_gpio.o
 .debug_frame   0x0000000000000ecc      0x104 Drivers/STM32F3xx_HAL_Driver/Src/stm32f3xx_hal_pwr_ex.o
 .debug_frame   0x0000000000000fd0      0x214 Drivers/STM32F3xx_HAL_Driver/Src/stm32f3xx_hal_rcc.o
 .debug_frame   0x00000000000011e4       0xb0 Drivers/STM32F3xx_HAL_Driver/Src/stm32f3xx_hal_rcc_ex.o
 .debug_frame   0x0000000000001294      0x8d4 Drivers/STM32F3xx_HAL_Driver/Src/stm32f3xx_hal_sdadc.o
 .debug_frame   0x0000000000001b68      0x80c Middlewares/Third_Party/FreeRTOS/Source/CMSIS_RTOS/cmsis_os.o
 .debug_frame   0x0000000000002374       0xd8 Middlewares/Third_Party/FreeRTOS/Source/list.o
 .debug_frame   0x000000000000244c      0x734 Middlewares/Third_Party/FreeRTOS/Source/tasks.o
 .debug_frame   0x0000000000002b80      0x1a8 Middlewares/Third_Party/FreeRTOS/Source/portable/GCC/ARM_CM4F/port.o
 .debug_frame   0x0000000000002d28      0x108 Middlewares/Third_Party/FreeRTOS/Source/portable/MemMang/heap_4.o
 .debug_frame   0x0000000000002e30       0x2c d:/st/stm32cubeide_1.1.0/stm32cubeide/plugins/com.st.stm32cube.ide.mcu.externaltools.gnu-tools-for-stm32.7-2018-q2-update.win32_1.4.0.202007081208/tools/bin/../lib/gcc/arm-none-eabi/7.3.1/../../../../arm-none-eabi/lib/thumb/v7e-m/fpv4-sp/hard\libc_nano.a(lib_a-init.o)
 .debug_frame   0x0000000000002e5c       0x20 d:/st/stm32cubeide_1.1.0/stm32cubeide/plugins/com.st.stm32cube.ide.mcu.externaltools.gnu-tools-for-stm32.7-2018-q2-update.win32_1.4.0.202007081208/tools/bin/../lib/gcc/arm-none-eabi/7.3.1/../../../../arm-none-eabi/lib/thumb/v7e-m/fpv4-sp/hard\libc_nano.a(lib_a-memset.o)
